// Jest Snapshot v1, https://goo.gl/fbAQLP

exports[`when endpoint is not wrapped you must not pass the header (type) should match snapshot 1`] = `"Property 'authorization' does not exist on type 'never'."`;

exports[`when endpoint is wrapped authorization header is present (type) should match snapshot 1`] = `"BrandC<StringC, BearerTokenBrand>"`;

exports[`when endpoint is wrapped other headers are still present (type) should match snapshot 1`] = `"StringC"`;

exports[`when endpoint with no previous headers is wrapped, authorization header is present (type) should match snapshot 1`] = `"BrandC<StringC, BearerTokenBrand>"`;
